=== Normal block (should work) ===
block: a=100, b=20
check a again=100
=== For loop (currently has issues) ===
for: a=100, b=10
check a again=100

