hello
world
test
example
content
prefix
ab
xy
 space
tab 
newline
result
final

