Number: 42
Value: 123
Result: 456
Count: 456
Sum: 10 + 20 = 30
Product: 10 * 20 = 200

