Hello, Alice!
Hello, Bob!
Hello world today
Good world morning
ID: 100, Status: Active
ID: 200, Status: Active
