In elif: global
In elif: elif_block
After elif: global
