Counting even numbers
Even count: 9
Nested test complete
