Odd: 1
Even: 2
Odd: 3
Even: 4
Odd: 5
Even: 6
Odd: 7
Even: 8
Odd: 9
Sum of evens: 20
