Flag is true: test_value, block_value
Inner not flag: block_value
