Processing matrix
Odd row: 1
Small value: 11
Small value: 12
Row sum: 46
Even row: 2
Value: 21
Value: 22
Row sum: 45
Matrix sum: 91
Complex nesting test done
