Warm day
Pleasant warm day
Weather analysis complete
