Main function start
Helper function called
Main function end

