Single: 42
Two: a=10, b=20
Three: x=100, y=hello, z=200
Five: v1=1, v2=first, v3=2, v4=second, v5=3

