Calculations: sum=13, product=42
String processing: len=lower, up=UPPER, low=lower
