Main start
Level 1 start
Level 2 start
Level 3 function
Level 2 end
Level 1 end
Main end

