Current global: 0
Global counter: 1
Global counter: 2
Current global: 2

