Single: 42
Two integers: a=10, b=20
Three mixed: x=100, y=hello, z=200

