First caller:
Count: 1
Count: 1
Second caller:
Count: 1

