Five mixed: v1=1, v2=first, v3=2, v4=second, v5=3
Complex: add=20, sub=14, mul=51, div=5, mod=2

