First function calling shared
Shared function executed
Second function calling shared
Shared function executed

