=== Recursion Depth Tests ===
Testing 5 layers:
countdown(5) = 5
factorial(5) = 120
sum_to_n(5) = 15
Testing 7 layers:
countdown(7) = 7
sum_to_n(7) = 28
