Before function definition
After function definition
Hello from greet function!
After function call

