x = 10
y = 20
z = 30
quotient = 3
remainder = 2
a = 42
b = 99
