Pair: sum=13, product=42
Math: add=22, div=3, mod=2
Comprehensive: add=23, sub=17, mul=60, div=6, mod=2

