max(15, 8) = 15
min(15, 8) = 8
abs(-42) = 42
abs(42) = 42
sign(10) = 1
sign(-5) = -1
sign(0) = 0


