level0: a=1, b=2
level1: a=10, b=20, c=3
level2: a=100, b=200, c=103
back to level1: a=10, b=200, c=103
back to level0: a=10, b=2

