before: x=10, y=20
inside: x=100, y=50, z=30
after: x=100, y=50

