outer: x=10, y=20
inner: x=100, y=20, z=120
deepest: x=100, y=200, w=300
back to inner: x=100, y=20
back to outer: x=10, y=20

